// Jest Snapshot v1, https://goo.gl/fbAQLP

exports[`Test <GifGridItem/>  should be show and match component 1`] = `
<div
  className="card animate__animated animate__fadeIn"
>
  <img
    alt="ElTitulo"
    src="https://localhost/noexiste.jpg"
  />
  <p>
    ElTitulo
  </p>
</div>
`;
